INFO:     Started server process [22364]
INFO:     Waiting for application startup.
2026-08-05 22:16:16,792 INFO app.main Database initialized (non-production mode)
2026-08-05 22:16:16,793 INFO app.main WhatsApp CRM started in development environment
INFO:     Application startup complete.
INFO:     Uvicorn running on http://127.0.0.1:8000 (Press CTRL+C to quit)
INFO:     ('127.0.0.1', 52216) - "WebSocket /ws?token=eyJhbGciOiJIUzI1NiIsInR5cCI6IkpXVCJ9.eyJzdWIiOiI2OTFlYTUxOS1mZTgxLTQzMTYtYmUxYS05OTI0NmIzM2Q4NTEiLCJpYXQiOjE3ODU5Mzg4NDUsImV4cCI6MTc4NjU0MzY0NX0.-8fPY39gocEn6ZV3dz2ZfQVY4ZC5hF8Uu3nKWdogJyQ" [accepted]
2026-08-05 22:16:17,224 INFO app.core.websocket_manager WS connected for user=691ea519-fe81-4316-be1a-99246b33d851 (total=1)
INFO:     connection open
INFO:     ('127.0.0.1', 61288) - "WebSocket /ws?token=eyJhbGciOiJIUzI1NiIsInR5cCI6IkpXVCJ9.eyJzdWIiOiI2MzYyYmQyZC1kMjRiLTRkMjEtYTAyOS1mZjAxNGNlMjUyZGUiLCJpYXQiOjE3ODU5Mzk3NzIsImV4cCI6MTc4NjU0NDU3Mn0.BKbTLGZiOdT7lxNQSyOq8M_yeBSsiG6sWqmyp2CaqPk" [accepted]
2026-08-05 22:16:17,228 INFO app.core.websocket_manager WS connected for user=6362bd2d-d24b-4d21-a029-ff014ce252de (total=2)
INFO:     connection open
INFO:     ('127.0.0.1', 49673) - "WebSocket /ws?token=eyJhbGciOiJIUzI1NiIsInR5cCI6IkpXVCJ9.eyJzdWIiOiI2OTFlYTUxOS1mZTgxLTQzMTYtYmUxYS05OTI0NmIzM2Q4NTEiLCJpYXQiOjE3ODU5MzgzODIsImV4cCI6MTc4NjU0MzE4Mn0.5IavfXgBE-fXlNeWAjpIramE8xE5FCf4I91chNnJm9Q" [accepted]
2026-08-05 22:16:17,233 INFO app.core.websocket_manager WS connected for user=691ea519-fe81-4316-be1a-99246b33d851 (total=3)
INFO:     connection open
INFO:     ('127.0.0.1', 56780) - "WebSocket /ws?token=eyJhbGciOiJIUzI1NiIsInR5cCI6IkpXVCJ9.eyJzdWIiOiI5NTY1NGQ2NC03ZjY1LTQ0MDgtYjk2OS00NmRhYjk3YjM4OGQiLCJpYXQiOjE3ODU5NDg0MTgsImV4cCI6MTc4NjU1MzIxOH0.7fSMb5qThx0a9OqrZM7PA7SrrZMnovrhQC_ilvq92BU" [accepted]
2026-08-05 22:16:59,703 INFO app.core.websocket_manager WS connected for user=95654d64-7f65-4408-b969-46dab97b388d (total=4)
INFO:     connection open
INFO:     ('127.0.0.1', 51485) - "WebSocket /ws?token=eyJhbGciOiJIUzI1NiIsInR5cCI6IkpXVCJ9.eyJzdWIiOiI5NTY1NGQ2NC03ZjY1LTQ0MDgtYjk2OS00NmRhYjk3YjM4OGQiLCJpYXQiOjE3ODU5NDg0MTgsImV4cCI6MTc4NjU1MzIxOH0.7fSMb5qThx0a9OqrZM7PA7SrrZMnovrhQC_ilvq92BU" [accepted]
2026-08-05 22:17:00,303 INFO app.core.websocket_manager WS connected for user=95654d64-7f65-4408-b969-46dab97b388d (total=5)
INFO:     connection open
2026-08-05 22:17:10,123 INFO app.core.websocket_manager WS disconnected for user=95654d64-7f65-4408-b969-46dab97b388d
INFO:     connection closed
2026-08-05 22:17:10,192 INFO app.core.websocket_manager WS disconnected for user=95654d64-7f65-4408-b969-46dab97b388d
INFO:     connection closed
2026-08-05 22:18:02,926 INFO app.core.websocket_manager WS disconnected for user=691ea519-fe81-4316-be1a-99246b33d851
INFO:     connection closed
INFO:     ('127.0.0.1', 58502) - "WebSocket /ws?token=eyJhbGciOiJIUzI1NiIsInR5cCI6IkpXVCJ9.eyJzdWIiOiI2OTFlYTUxOS1mZTgxLTQzMTYtYmUxYS05OTI0NmIzM2Q4NTEiLCJpYXQiOjE3ODU5MzgzODIsImV4cCI6MTc4NjU0MzE4Mn0.5IavfXgBE-fXlNeWAjpIramE8xE5FCf4I91chNnJm9Q" [accepted]
2026-08-05 22:18:02,968 INFO app.core.websocket_manager WS connected for user=691ea519-fe81-4316-be1a-99246b33d851 (total=3)
INFO:     connection open
2026-08-05 22:18:15,246 INFO httpx HTTP Request: POST https://graph.facebook.com/v21.0/1245131455339857/messages "HTTP/1.1 200 OK"
2026-08-05 22:18:16,819 INFO app.api.webhook Webhook processed: {'messages': 0, 'statuses': 1, 'errors': 0}
2026-08-05 22:18:17,179 INFO app.api.webhook Webhook processed: {'messages': 0, 'statuses': 1, 'errors': 0}
2026-08-05 22:18:23,497 INFO app.api.webhook Webhook processed: {'messages': 0, 'statuses': 1, 'errors': 0}
2026-08-05 22:18:29,248 INFO app.services.webhook Incoming message saved: wamid.HBgMOTE5MzQ0MTYyMjc4FQIAEhgWM0VCMDdCQThGRkNCREFCNUQ0QTUzNwA=
2026-08-05 22:18:29,249 INFO app.api.webhook Webhook processed: {'messages': 1, 'statuses': 0, 'errors': 0}
2026-08-05 22:19:21,867 INFO app.services.webhook Incoming message saved: wamid.HBgMOTE5MzQ0MTYyMjc4FQIAEhgWM0VCMDI5QTY1NTY3OTdENDA5MjdBMQA=
2026-08-05 22:19:21,868 INFO app.api.webhook Webhook processed: {'messages': 1, 'statuses': 0, 'errors': 0}
2026-08-05 22:23:49,119 INFO app.api.webhook Webhook processed: {'messages': 0, 'statuses': 1, 'errors': 0}
2026-08-05 22:30:18,462 INFO app.api.webhook Webhook processed: {'messages': 0, 'statuses': 1, 'errors': 0}
2026-08-05 22:43:32,365 INFO app.api.webhook Webhook processed: {'messages': 0, 'statuses': 1, 'errors': 0}
2026-08-05 22:44:38,039 INFO app.api.webhook Webhook processed: {'messages': 0, 'statuses': 1, 'errors': 0}
2026-08-05 22:48:48,805 INFO app.core.websocket_manager WS disconnected for user=691ea519-fe81-4316-be1a-99246b33d851
INFO:     connection closed
2026-08-05 22:52:17,083 INFO app.api.webhook Webhook processed: {'messages': 0, 'statuses': 1, 'errors': 0}
